<!doctype html public "-//w3c//dtd html 4.0 transitional//en">
<html><head>
<title>Static Call Graph - [.\Objects\exti.axf]</title></head>
<body><HR>
<H1>Static Call Graph for image .\Objects\exti.axf</H1><HR>
<BR><P>#&#060CALLGRAPH&#062# ARM Linker, 5060061: Last Updated: Wed Jun 21 14:21:15 2017
<BR><P>
<H3>Maximum Stack Usage =          0 bytes + Unknown(Functions without stacksize, Untraceable Function Pointers)</H3><H3>
Call chain for Maximum Stack Depth:</H3>

<P>
<H3>
Functions with no stack information
</H3><UL>
 <LI><a href="#[1]">Start</a>
</UL>
</UL>
<P>
<H3>
Function Pointers
</H3><UL>
 <LI><a href="#[1]">Start</a> from mian.o(RESET) referenced from mian.o(RESET)
</UL>
<P>
<H3>
Global Symbols
</H3><P>
<H3>
Local Symbols
</H3>
<P><STRONG><a name="[1]"></a>Start</STRONG> (Thumb, 0 bytes, Stack size unknown bytes, mian.o(RESET))
<P>
<H3>
Undefined Global Symbols
</H3><HR></body></html>
